main.c:113:13:do_toggle_LED	16	static
main.c:122:13:do_get_time	224	static
main.c:187:13:do_set_time	40	static
main.c:238:13:HTS221_pwr_en	24	static
main.c:249:13:HTS221_get_cal_data	32	static
main.c:326:13:HTS221_get_sensor_data	144	static
main.c:401:5:main	24	static
main.c:498:6:SystemClock_Config	232	static
main.c:578:13:MX_DFSDM1_Init	8	static
main.c:616:13:MX_I2C1_Init	8	static
main.c:662:13:MX_I2C2_Init	8	static
main.c:708:13:MX_QUADSPI_Init	8	static
main.c:741:13:MX_SPI3_Init	8	static
main.c:781:13:MX_UART4_Init	8	static
main.c:816:13:MX_USART1_UART_Init	8	static
main.c:851:13:MX_USART3_UART_Init	8	static
main.c:886:13:MX_USB_OTG_FS_PCD_Init	8	static
main.c:921:13:MX_GPIO_Init	48	static
main.c:1095:6:Error_Handler	4	static,ignoring_inline_asm
