main.c:113:13:do_toggle_LED	16	static
main.c:122:13:do_get_time	168	static
main.c:178:13:do_set_time	168	static
main.c:239:13:HTS221_pwr_en	24	static
main.c:250:13:HTS221_get_cal_data	32	static
main.c:327:13:HTS221_get_sensor_data	144	static
main.c:402:5:main	24	static
main.c:499:6:SystemClock_Config	232	static
main.c:579:13:MX_DFSDM1_Init	8	static
main.c:617:13:MX_I2C1_Init	8	static
main.c:663:13:MX_I2C2_Init	8	static
main.c:709:13:MX_QUADSPI_Init	8	static
main.c:742:13:MX_SPI3_Init	8	static
main.c:782:13:MX_UART4_Init	8	static
main.c:817:13:MX_USART1_UART_Init	8	static
main.c:852:13:MX_USART3_UART_Init	8	static
main.c:887:13:MX_USB_OTG_FS_PCD_Init	8	static
main.c:922:13:MX_GPIO_Init	48	static
main.c:1096:6:Error_Handler	4	static,ignoring_inline_asm
