stm32l4xx_ll_pwr.h:744:22:LL_PWR_EnablePUPDCfg	4	static
stm32l4xx_ll_pwr.h:754:22:LL_PWR_DisablePUPDCfg	4	static
stm32l4xx_ll_pwr.h:909:22:LL_PWR_EnableWakeUpPin	16	static
stm32l4xx_ll_pwr.h:929:22:LL_PWR_DisableWakeUpPin	16	static
stm32l4xx_ll_pwr.h:1484:22:LL_PWR_ClearFlag_SB	4	static
stm32l4xx_ll_pwr.h:1544:22:LL_PWR_ClearFlag_WU1	4	static
stm32l4xx_ll_rtc.h:3190:22:LL_RTC_WAKEUP_SetClock	16	static
stm32l4xx_ll_rcc.h:3704:22:LL_RCC_ForceBackupDomainReset	4	static
stm32l4xx_ll_rcc.h:3714:22:LL_RCC_ReleaseBackupDomainReset	4	static
stm32l4xx_ll_rcc.h:5683:26:LL_RCC_IsActiveFlag_PINRST	4	static
main.c:65:5:main	16	static
main.c:185:13:Init_RTC	8	static
main.c:237:13:SystemPower_Config	40	static
main.c:307:13:SystemLowPowerMode_Config	16	static
main.c:335:6:SystemClock_Config	96	static
main.c:450:6:HAL_GPIO_EXTI_Callback	16	static
main.c:473:6:HAL_Delay	16	static
main.c:485:6:LPM_ExitStopMode	4	static
main.c:503:6:LPM_EnterOffMode	8	static
main.c:518:6:LPM_ExitOffMode	8	static
main.c:533:19:HAL_InitTick	16	static
main.c:544:6:SCH_Idle	8	static
main.c:559:6:TL_BLE_HCI_StatusNot	16	static
main.c:601:6:HW_TS_RTC_Int_AppNot	24	static
