stm32l4xx_it.c:49:6:NMI_Handler	4	static
stm32l4xx_it.c:58:6:HardFault_Handler	4	static
stm32l4xx_it.c:71:6:MemManage_Handler	4	static
stm32l4xx_it.c:84:6:BusFault_Handler	4	static
stm32l4xx_it.c:97:6:UsageFault_Handler	4	static
stm32l4xx_it.c:110:6:SVC_Handler	4	static
stm32l4xx_it.c:119:6:DebugMon_Handler	4	static
stm32l4xx_it.c:128:6:PendSV_Handler	4	static
stm32l4xx_it.c:137:6:SysTick_Handler	8	static
stm32l4xx_it.c:154:6:RTC_WKUP_IRQHandler	8	static
stm32l4xx_it.c:165:6:EXTI9_5_IRQHandler	8	static
stm32l4xx_it.c:176:6:EXTI15_10_IRQHandler	8	static
stm32l4xx_it.c:186:6:DMA2_Channel1_IRQHandler	8	static
stm32l4xx_it.c:196:6:DMA2_Channel2_IRQHandler	8	static
