bluenrg_gap_aci.c:30:12:aci_gap_init	56	static
bluenrg_gap_aci.c:97:12:aci_gap_set_non_discoverable	40	static
bluenrg_gap_aci.c:114:12:aci_gap_set_limited_discoverable	96	static
bluenrg_gap_aci.c:177:12:aci_gap_set_discoverable	96	static
bluenrg_gap_aci.c:246:12:aci_gap_set_direct_connectable	64	static
bluenrg_gap_aci.c:279:12:aci_gap_set_io_capability	48	static
bluenrg_gap_aci.c:301:12:aci_gap_set_auth_requirement	72	static
bluenrg_gap_aci.c:341:12:aci_gap_set_author_requirement	48	static
bluenrg_gap_aci.c:364:12:aci_gap_pass_key_response	56	static
bluenrg_gap_aci.c:388:12:aci_gap_authorization_response	48	static
bluenrg_gap_aci.c:412:12:aci_gap_set_non_connectable	48	static
bluenrg_gap_aci.c:440:12:aci_gap_set_undirected_connectable	48	static
bluenrg_gap_aci.c:463:12:aci_gap_slave_security_request	48	static
bluenrg_gap_aci.c:489:12:aci_gap_update_adv_data	80	static
bluenrg_gap_aci.c:519:12:aci_gap_delete_ad_type	48	static
bluenrg_gap_aci.c:541:12:aci_gap_get_security_level	56	static
bluenrg_gap_aci.c:570:12:aci_gap_configure_whitelist	40	static
bluenrg_gap_aci.c:587:12:aci_gap_terminate	48	static
bluenrg_gap_aci.c:611:12:aci_gap_clear_security_database	40	static
bluenrg_gap_aci.c:629:12:aci_gap_allow_rebond	48	static
bluenrg_gap_aci.c:669:12:aci_gap_start_limited_discovery_proc	64	static
bluenrg_gap_aci.c:696:12:aci_gap_start_general_discovery_proc	64	static
bluenrg_gap_aci.c:724:12:aci_gap_start_name_discovery_proc	80	static
bluenrg_gap_aci.c:764:12:aci_gap_start_auto_conn_establish_proc	312	static
bluenrg_gap_aci.c:921:12:aci_gap_start_general_conn_establish_proc	64	static
bluenrg_gap_aci.c:980:12:aci_gap_start_selective_conn_establish_proc	312	static
bluenrg_gap_aci.c:1015:12:aci_gap_create_connection	80	static
bluenrg_gap_aci.c:1053:12:aci_gap_terminate_gap_procedure	48	static
bluenrg_gap_aci.c:1073:12:aci_gap_start_connection_update	72	static
bluenrg_gap_aci.c:1105:12:aci_gap_send_pairing_request	48	static
bluenrg_gap_aci.c:1130:12:aci_gap_resolve_private_address	56	static
bluenrg_gap_aci.c:1180:12:aci_gap_set_broadcast_mode	312	static
bluenrg_gap_aci.c:1220:12:aci_gap_start_observation_procedure	64	static
bluenrg_gap_aci.c:1248:12:aci_gap_is_device_bonded	56	static
bluenrg_gap_aci.c:1271:12:aci_gap_get_bonded_devices	304	static
