hci_le.c:36:5:hci_reset	40	static
hci_le.c:53:5:hci_disconnect	48	static
hci_le.c:77:5:hci_le_read_local_version	64	static
hci_le.c:110:5:hci_le_read_buffer_size	48	static
hci_le.c:138:5:hci_le_set_advertising_parameters	72	static
hci_le.c:171:5:hci_le_set_advertising_data	80	static
hci_le.c:195:5:hci_le_set_advertise_enable	48	static
hci_le.c:218:5:hci_le_set_scan_parameters	64	static
hci_le.c:247:5:hci_le_set_scan_enable	48	static
hci_le.c:271:5:hci_le_rand	56	static
hci_le.c:298:5:hci_le_set_scan_resp_data	80	static
hci_le.c:322:5:hci_le_read_advertising_channel_tx_power	48	static
hci_le.c:349:5:hci_le_set_random_address	56	static
hci_le.c:372:5:hci_read_bd_addr	48	static
hci_le.c:398:5:hci_le_create_connection	80	static
hci_le.c:435:5:hci_le_create_connection_cancel	40	static
hci_le.c:452:5:hci_le_encrypt	104	static
hci_le.c:484:5:hci_le_ltk_request_reply	64	static
hci_le.c:509:5:hci_le_ltk_request_neg_reply	40	static
hci_le.c:533:5:hci_le_read_white_list_size	48	static
hci_le.c:559:5:hci_le_clear_white_list	40	static
hci_le.c:577:5:hci_le_add_device_to_white_list	56	static
hci_le.c:601:5:hci_le_remove_device_from_white_list	56	static
hci_le.c:625:5:hci_read_transmit_power_level	56	static
hci_le.c:658:5:hci_read_rssi	48	static
hci_le.c:690:5:hci_le_read_local_supported_features	56	static
hci_le.c:716:5:hci_le_read_channel_map	56	static
hci_le.c:747:5:hci_le_read_supported_states	56	static
hci_le.c:773:5:hci_le_receiver_test	48	static
hci_le.c:796:5:hci_le_transmitter_test	48	static
hci_le.c:821:5:hci_le_test_end	48	static
