stm32l4xx_ll_pwr.h:1082:22:LL_PWR_SetWakeUpPinPolarityHigh	16	static
stm32l4xx_ll_pwr.h:1149:22:LL_PWR_EnableGPIOPullUp	16	static
stm32l4xx_ll_pwr.h:1196:22:LL_PWR_DisableGPIOPullUp	16	static
stm32l4xx_ll_pwr.h:1290:22:LL_PWR_EnableGPIOPullDown	16	static
stm32l4xx_ll_pwr.h:1337:22:LL_PWR_DisableGPIOPullDown	16	static
stm32l4xx_ll_spi.h:1195:22:LL_SPI_EnableDMAReq_RX	16	static
stm32l4xx_ll_spi.h:1228:22:LL_SPI_EnableDMAReq_TX	16	static
stm32l4xx_ll_spi.h:1315:26:LL_SPI_DMA_GetRegAddr	16	static
stm32l4xx_ll_dma.h:801:22:LL_DMA_SetMemoryIncMode	32	static
stm32l4xx_ll_dma.h:997:22:LL_DMA_SetDataLength	32	static
stm32l4xx_ll_dma.h:1085:22:LL_DMA_SetMemoryAddress	32	static
stm32l4xx_ll_dma.h:1108:22:LL_DMA_SetPeriphAddress	32	static
hw_spi.c:258:13:pf_nRFResetTimerCallBack	4	static
hw_spi.c:270:13:TimerTxRxCallback	8	static
hw_spi.c:282:13:ReceiveClosure	8	static,ignoring_inline_asm
hw_spi.c:316:13:ProcessEndOfReceive	8	static
hw_spi.c:331:13:TimerTransmitCallback	8	static
hw_spi.c:347:6:HAL_SPI_MspInit	72	static
hw_spi.c:476:6:SPI_Init	16	static
hw_spi.c:501:6:ResetBlueNRG	40	static
hw_spi.c:539:13:Enable_SPI_Receiving_Path	8	static
hw_spi.c:556:13:Disable_SPI_Receiving_Path	8	static
hw_spi.c:566:13:Enable_SPI_CS	8	static
hw_spi.c:577:13:Disable_SPI_CS	8	static
hw_spi.c:590:13:DisableEnable_SPI_CS	16	static
hw_spi.c:613:13:WakeupBlueNRG	8	static
hw_spi.c:632:13:TransmitClosure	8	static
hw_spi.c:655:13:SPI_Transmit_Manager	8	static
hw_spi.c:684:13:SPI_Receive_Manager	24	static
hw_spi.c:777:13:ReceiveHeader	16	static
hw_spi.c:802:6:HW_BNRG_Close	8	static
hw_spi.c:810:6:HW_BNRG_Init	16	static
hw_spi.c:846:6:HW_BNRG_Send	16	static,ignoring_inline_asm
hw_spi.c:869:6:HW_BNRG_EvtReq	16	static
hw_spi.c:888:6:HW_BNRG_SpiIrqCb	8	static,ignoring_inline_asm
hw_spi.c:906:6:HW_BNRG_DMATxCb	8	static
hw_spi.c:928:6:HW_BNRG_DMARxCb	16	static
hw_spi.c:1044:6:HW_BNRG_SetupStdbyMode	8	static
hw_spi.c:1057:6:HW_BNRG_TimStartAllowed	8	static
hw_spi.c:1074:13:HW_BNRG_TimStartReq	8	static
