stm32l4xx_ll_rtc.h:1333:26:LL_RTC_GetAsynchPrescaler	16	static
stm32l4xx_ll_rtc.h:1344:26:LL_RTC_GetSynchPrescaler	16	static
stm32l4xx_ll_rtc.h:1780:26:LL_RTC_TIME_GetSubSecond	16	static
stm32l4xx_ll_rtc.h:3170:26:LL_RTC_WAKEUP_IsEnabled	16	static
stm32l4xx_ll_rtc.h:3207:26:LL_RTC_WAKEUP_GetClock	16	static
stm32l4xx_ll_rtc.h:3220:22:LL_RTC_WAKEUP_SetAutoReload	16	static
stm32l4xx_ll_rtc.h:3231:26:LL_RTC_WAKEUP_GetAutoReload	16	static
stm32l4xx_ll_exti.h:306:22:LL_EXTI_EnableIT_0_31	16	static
stm32l4xx_ll_exti.h:739:22:LL_EXTI_EnableRisingTrig_0_31	16	static
hw_timerserver.c:105:17:ReadRtcSsrValue	16	static
hw_timerserver.c:128:13:LinkTimerAfter	24	static
hw_timerserver.c:151:13:LinkTimerBefore	24	static
hw_timerserver.c:178:17:linkTimer	24	static
hw_timerserver.c:248:13:UnlinkTimer	24	static
hw_timerserver.c:290:17:ReturnTimeElapsed	16	static
hw_timerserver.c:332:13:RestartWakeupCounter	16	static
hw_timerserver.c:390:13:RescheduleTimerList	24	static
hw_timerserver.c:476:6:HW_TS_RTC_Wakeup_Handler	48	static,ignoring_inline_asm
hw_timerserver.c:566:6:HW_TS_Init	24	static
hw_timerserver.c:643:22:HW_TS_Create	48	static,ignoring_inline_asm
hw_timerserver.c:688:6:HW_TS_Delete	16	static
hw_timerserver.c:697:6:HW_TS_Stop	32	static,ignoring_inline_asm
hw_timerserver.c:763:6:HW_TS_Start	32	static,ignoring_inline_asm
hw_timerserver.c:806:10:HW_TS_RTC_ReadLeftTicksToCount	32	static,ignoring_inline_asm
hw_timerserver.c:841:13:HW_TS_RTC_Int_AppNot	24	static
hw_timerserver.c:851:13:HW_TS_RTC_CountUpdated_AppNot	4	static
