main.c:88:6:HAL_ADC_ConvCplt_CallBack	344	static
main.c:119:5:main	280	static
main.c:201:6:SystemClock_Config	232	static
main.c:279:13:MX_ADC1_Init	48	static
main.c:343:13:MX_DFSDM1_Init	8	static
main.c:381:13:MX_I2C2_Init	8	static
main.c:427:13:MX_QUADSPI_Init	8	static
main.c:460:13:MX_SPI3_Init	8	static
main.c:500:13:MX_USART1_UART_Init	8	static
main.c:535:13:MX_USART3_UART_Init	8	static
main.c:570:13:MX_USB_OTG_FS_PCD_Init	8	static
main.c:603:13:MX_DMA_Init	16	static
main.c:621:13:MX_GPIO_Init	48	static
main.c:784:6:Error_Handler	4	static,ignoring_inline_asm
