main.c:84:6:HAL_ADC_ConvCplt_Callback	360	static
main.c:117:5:main	8	static
main.c:194:6:SystemClock_Config	232	static
main.c:272:13:MX_ADC1_Init	48	static
main.c:336:13:MX_DFSDM1_Init	8	static
main.c:374:13:MX_I2C2_Init	8	static
main.c:420:13:MX_QUADSPI_Init	8	static
main.c:453:13:MX_SPI3_Init	8	static
main.c:493:13:MX_USART1_UART_Init	8	static
main.c:528:13:MX_USART3_UART_Init	8	static
main.c:563:13:MX_USB_OTG_FS_PCD_Init	8	static
main.c:598:13:MX_GPIO_Init	48	static
main.c:768:6:Error_Handler	4	static,ignoring_inline_asm
