main.c:83:5:main	16	static
main.c:183:6:HAL_GPIO_EXTI_Callback	16	static
main.c:200:6:SystemClock_Config	232	static
main.c:277:13:MX_DFSDM1_Init	8	static
main.c:315:13:MX_I2C2_Init	8	static
main.c:361:13:MX_QUADSPI_Init	8	static
main.c:394:13:MX_SPI3_Init	8	static
main.c:434:13:MX_USART1_UART_Init	8	static
main.c:469:13:MX_USART3_UART_Init	8	static
main.c:504:13:MX_USB_OTG_FS_PCD_Init	8	static
main.c:539:13:MX_GPIO_Init	48	static
main.c:729:6:Error_Handler	4	static,ignoring_inline_asm
