main.c:95:13:HST221_pwr_en	128	static
main.c:121:13:do_who_am_i	128	static
main.c:145:13:do_temp_polling	136	static
main.c:254:6:HAL_I2C_MasterTxCpltCallback	16	static
main.c:263:6:HAL_I2C_MasterRxCpltCallback	16	static
main.c:272:13:do_temp_interrupt	128	static
main.c:321:13:do_temp_dma	128	static
main.c:370:13:do_temp_interrupt_EXTI	4	static
main.c:381:5:main	24	static
main.c:502:6:SystemClock_Config	232	static
main.c:579:13:MX_DFSDM1_Init	8	static
main.c:617:13:MX_I2C2_Init	8	static
main.c:663:13:MX_QUADSPI_Init	8	static
main.c:696:13:MX_SPI3_Init	8	static
main.c:736:13:MX_USART1_UART_Init	8	static
main.c:771:13:MX_USART3_UART_Init	8	static
main.c:806:13:MX_USB_OTG_FS_PCD_Init	8	static
main.c:839:13:MX_DMA_Init	16	static
main.c:860:13:MX_GPIO_Init	48	static
main.c:1050:6:Error_Handler	4	static,ignoring_inline_asm
