main.c:96:13:do_polling	136	static
main.c:146:6:HAL_UART_TxCpltCallback	24	static
main.c:154:6:HAL_UART_RxCpltCallback	24	static
main.c:167:13:do_interrupt	16	static
main.c:196:13:do_dma	16	static
main.c:230:5:main	24	static
main.c:334:6:SystemClock_Config	232	static
main.c:412:13:MX_DFSDM1_Init	8	static
main.c:450:13:MX_I2C2_Init	8	static
main.c:496:13:MX_QUADSPI_Init	8	static
main.c:529:13:MX_SPI3_Init	8	static
main.c:569:13:MX_UART4_Init	8	static
main.c:604:13:MX_USART1_UART_Init	8	static
main.c:639:13:MX_USART3_UART_Init	8	static
main.c:674:13:MX_USB_OTG_FS_PCD_Init	8	static
main.c:707:13:MX_DMA_Init	16	static
main.c:728:13:MX_GPIO_Init	48	static
main.c:910:6:Error_Handler	4	static,ignoring_inline_asm
