main.c:96:13:do_polling	136	static
main.c:141:6:HAL_UART_TxCpltCallback	24	static
main.c:149:6:HAL_UART_RxCpltCallback	24	static
main.c:162:13:do_interrupt	16	static
main.c:191:13:do_dma	16	static
main.c:225:5:main	24	static
main.c:329:6:SystemClock_Config	232	static
main.c:407:13:MX_DFSDM1_Init	8	static
main.c:445:13:MX_I2C2_Init	8	static
main.c:491:13:MX_QUADSPI_Init	8	static
main.c:524:13:MX_SPI3_Init	8	static
main.c:564:13:MX_UART4_Init	8	static
main.c:599:13:MX_USART1_UART_Init	8	static
main.c:634:13:MX_USART3_UART_Init	8	static
main.c:669:13:MX_USB_OTG_FS_PCD_Init	8	static
main.c:702:13:MX_DMA_Init	16	static
main.c:723:13:MX_GPIO_Init	48	static
main.c:905:6:Error_Handler	4	static,ignoring_inline_asm
